********************
*'''  '''''' '''*''*
*' '  ''   '''''* '*
*'' ^''   *''  '*''*
*'''''  ''*''' '*''*
*' ' '''''*v'^' *''*
*'     '''* ''''*''*
*''* '  ''*''v' *''*
* '' ' '''* ''''*''*
*' ' ''' '* ''''*''*
*'''''''''*'''''*''*
*  ' ''' '*''''''''*
********* *''''' ''*
*'' ''''''**********
*''' '*'''*''''*'''*
*' '' ''' * ''''' '*
*''' '  ''*'''<*'''*
* ''''''''* '' * ''*
*'*********''''* ''*
*''''v'<''''*''*'''*
*' ' < '''' '''''''*
*' ''''<''' ''<''''*
*''''<''''''''<''''*
********************
\\
playerx=18
playery=1
logx=14
logy=2
checkpointx=8
checkpointy=2
logx=13
logy=3
logx=12
logy=3
logx=1
logy=4
logx=12
logy=4
logx=14
logy=4
logx=1
logy=5
logx=2
logy=5
logx=2
logy=5
logx=3
logy=5
logx=4
logy=5
logx=9
logy=5
logx=13
logy=5
logx=14
logy=5
logx=12
logy=5
logx=18
logy=5
logx=17
logy=5
logx=4
logy=6
logx=7
logy=6
logx=6
logy=6
logx=5
logy=6
logx=8
logy=6
logx=11
logy=6
logx=15
logy=6
logx=2
logy=7
logx=5
logy=7
logx=3
logy=7
logx=8
logy=7
logx=14
logy=7
logx=12
logy=7
logx=1
logy=8
logx=7
logy=8
logx=5
logy=8
logx=4
logy=8
logx=3
logy=8
logx=9
logy=8
logx=15
logy=8
logx=13
logy=8
logx=18
logy=8
logx=17
logy=8
logx=2
logy=9
logx=8
logy=9
logx=7
logy=9
logx=4
logy=9
logx=12
logy=9
logx=15
logy=9
logx=14
logy=9
logx=11
logy=9
logx=7
logy=10
logx=5
logy=10
logx=3
logy=10
logx=18
logy=10
logx=1
logy=11
logx=8
logy=11
logx=5
logy=11
logx=3
logy=11
checkpointx=13
checkpointy=11
logx=9
logy=12
logx=17
logy=12
logx=4
logy=13
logx=2
logy=13
logx=6
logy=13
logx=14
logy=14
logx=13
logy=14
logx=11
logy=14
logx=6
logy=14
logx=4
logy=14
logx=2
logy=14
magicwarpx=16
magicwarpy=15
logx=13
logy=15
logx=6
logy=15
checkpointx=8
checkpointy=15
logx=2
logy=15
logx=6
logy=16
logx=12
logy=16
logx=4
logy=16
logx=3
logy=17
logx=4
logy=17
logx=5
logy=17
logx=6
logy=17
logx=7
logy=17
logx=8
logy=17
logx=9
logy=17
logx=9
logy=17
logx=14
logy=17
logx=12
logy=17
logx=2
logy=17
logx=13
logy=18
logx=12
logy=18
logx=4
logy=19
logx=12
logy=19
logx=11
logy=19
logx=4
logy=20
logx=12
logy=20
logx=14
logy=20
logx=4
logy=21
logx=13
logy=21
logx=13
logy=22
checkpointx=11
checkpointy=22
